

Version:	3.50
CmdLine:	C:\Users\zweli\OneDrive\Documents\Bsc Final Year\Semester 2\Assignments\Assignment 1\PROGRAMMING 732 ASSIGNMENT JAVA Desktop\Zwelabantu_Mashego_401910879\zwelabantu_mashego_401910879.exe --l4j-debug
JNI:		No
WOW64:		Yes
Create mutex:	zwelabantu_mashego_401910879.exe
Working dir:	C:\Users\zweli\OneDrive\Documents\Bsc Final Year\Semester 2\Assignments\Assignment 1\PROGRAMMING 732 ASSIGNMENT JAVA Desktop\Zwelabantu_Mashego_401910879\.
Requires JDK:	Yes
Requires 64-Bit: No
Java min ver:	1.008.000
Java max ver:	
JRE paths:	jre
Check launcher:	C:\Users\zweli\OneDrive\Documents\Bsc Final Year\Semester 2\Assignments\Assignment 1\PROGRAMMING 732 ASSIGNMENT JAVA Desktop\Zwelabantu_Mashego_401910879\jre\bin\javaw.exe (OK)
Check javac:	C:\Users\zweli\OneDrive\Documents\Bsc Final Year\Semester 2\Assignments\Assignment 1\PROGRAMMING 732 ASSIGNMENT JAVA Desktop\Zwelabantu_Mashego_401910879\jre\bin\javac.exe (OK)
Version string: 1.025.000_002 / 64-Bit (OK)
Main class:	com.assignment.healthfirst.ui.Loginfrm
Add classpath:	.\lib\*.jar
      "      :	.\lib\jfreechart-1.5.4.jar
      "      :	.\lib\jrt-fs.jar
      "      :	.\lib\mysql-connector-j-8.3.0.jar
      "      :	.\lib\protobuf-java-3.25.1.jar
Launcher:	C:\Users\zweli\OneDrive\Documents\Bsc Final Year\Semester 2\Assignments\Assignment 1\PROGRAMMING 732 ASSIGNMENT JAVA Desktop\Zwelabantu_Mashego_401910879\jre\bin\javaw.exe
Launcher args:	-classpath "C:\Users\zweli\OneDrive\Documents\Bsc Final Year\Semester 2\Assignments\Assignment 1\PROGRAMMING 732 ASSIGNMENT JAVA Desktop\Zwelabantu_Mashego_401910879\zwelabantu_mashego_401910879.exe;.\lib\jfreechart-1.5.4.jar;.\lib\jrt-fs.jar;.\lib\mysql-connector-j-8.3.0.jar;.\lib\protobuf-java-3.25.1.jar" com.assignment.healthfirst.ui.Loginfrm
Args length:	347/32768 chars
Exit code:	0


Version:	3.50
CmdLine:	C:\Users\zweli\OneDrive\Documents\Bsc Final Year\Semester 2\Assignments\Assignment 1\PROGRAMMING 732 ASSIGNMENT JAVA Desktop\Zwelabantu_Mashego_401910879\zwelabantu_mashego_401910879.exe --l4j-debug
JNI:		No
WOW64:		Yes
Create mutex:	zwelabantu_mashego_401910879.exe
Working dir:	C:\Users\zweli\OneDrive\Documents\Bsc Final Year\Semester 2\Assignments\Assignment 1\PROGRAMMING 732 ASSIGNMENT JAVA Desktop\Zwelabantu_Mashego_401910879\.
Requires JDK:	Yes
Requires 64-Bit: No
Java min ver:	1.008.000
Java max ver:	
JRE paths:	jre
Check launcher:	C:\Users\zweli\OneDrive\Documents\Bsc Final Year\Semester 2\Assignments\Assignment 1\PROGRAMMING 732 ASSIGNMENT JAVA Desktop\Zwelabantu_Mashego_401910879\jre\bin\javaw.exe (OK)
Check javac:	C:\Users\zweli\OneDrive\Documents\Bsc Final Year\Semester 2\Assignments\Assignment 1\PROGRAMMING 732 ASSIGNMENT JAVA Desktop\Zwelabantu_Mashego_401910879\jre\bin\javac.exe (OK)
Version string: 1.025.000_002 / 64-Bit (OK)
Main class:	com.assignment.healthfirst.ui.Loginfrm
Add classpath:	.\lib\*.jar
      "      :	.\lib\jfreechart-1.5.4.jar
      "      :	.\lib\jrt-fs.jar
      "      :	.\lib\mysql-connector-j-8.3.0.jar
      "      :	.\lib\protobuf-java-3.25.1.jar
Launcher:	C:\Users\zweli\OneDrive\Documents\Bsc Final Year\Semester 2\Assignments\Assignment 1\PROGRAMMING 732 ASSIGNMENT JAVA Desktop\Zwelabantu_Mashego_401910879\jre\bin\javaw.exe
Launcher args:	-classpath "C:\Users\zweli\OneDrive\Documents\Bsc Final Year\Semester 2\Assignments\Assignment 1\PROGRAMMING 732 ASSIGNMENT JAVA Desktop\Zwelabantu_Mashego_401910879\zwelabantu_mashego_401910879.exe;.\lib\jfreechart-1.5.4.jar;.\lib\jrt-fs.jar;.\lib\mysql-connector-j-8.3.0.jar;.\lib\protobuf-java-3.25.1.jar" com.assignment.healthfirst.ui.Loginfrm
Args length:	347/32768 chars
Exit code:	0


Version:	3.50
CmdLine:	C:\Users\zweli\OneDrive\Documents\Bsc Final Year\Semester 2\Assignments\Assignment 1\PROGRAMMING 732 ASSIGNMENT JAVA Desktop\Zwelabantu_Mashego_401910879\zwelabantu_mashego_401910879.exe --l4j-debug
JNI:		No
WOW64:		Yes
Create mutex:	zwelabantu_mashego_401910879.exe
Working dir:	C:\Users\zweli\OneDrive\Documents\Bsc Final Year\Semester 2\Assignments\Assignment 1\PROGRAMMING 732 ASSIGNMENT JAVA Desktop\Zwelabantu_Mashego_401910879\.
Requires JDK:	Yes
Requires 64-Bit: No
Java min ver:	1.008.000
Java max ver:	
JRE paths:	jrejre1.8.0_481
Check launcher:	C:\Users\zweli\OneDrive\Documents\Bsc Final Year\Semester 2\Assignments\Assignment 1\PROGRAMMING 732 ASSIGNMENT JAVA Desktop\Zwelabantu_Mashego_401910879\jrejre1.8.0_481\bin\javaw.exe (not found)
64-bit search:	SOFTWARE\JavaSoft\Java Development Kit...
32-bit search:	SOFTWARE\JavaSoft\Java Development Kit...
64-bit search:	SOFTWARE\JavaSoft\JDK...
32-bit search:	SOFTWARE\JavaSoft\JDK...
64-bit search:	SOFTWARE\IBM\Java Development Kit...
32-bit search:	SOFTWARE\IBM\Java Development Kit...
64-bit search:	SOFTWARE\IBM\Java Development Kit...
32-bit search:	SOFTWARE\IBM\Java Development Kit...
Error msg:	This application requires a Java Runtime Environment 8
Open URL:	http://www.java.com/download


Version:	3.50
CmdLine:	C:\Users\zweli\OneDrive\Documents\Bsc Final Year\Semester 2\Assignments\Assignment 1\PROGRAMMING 732 ASSIGNMENT JAVA Desktop\Zwelabantu_Mashego_401910879\zwelabantu_mashego_401910879.exe --l4j-debug
JNI:		No
WOW64:		Yes
Create mutex:	zwelabantu_mashego_401910879.exe
Working dir:	C:\Users\zweli\OneDrive\Documents\Bsc Final Year\Semester 2\Assignments\Assignment 1\PROGRAMMING 732 ASSIGNMENT JAVA Desktop\Zwelabantu_Mashego_401910879\.
Requires JDK:	Yes
Requires 64-Bit: No
Java min ver:	1.008.000
Java max ver:	
JRE paths:	jre
Check launcher:	C:\Users\zweli\OneDrive\Documents\Bsc Final Year\Semester 2\Assignments\Assignment 1\PROGRAMMING 732 ASSIGNMENT JAVA Desktop\Zwelabantu_Mashego_401910879\jre\bin\javaw.exe (OK)
Check javac:	C:\Users\zweli\OneDrive\Documents\Bsc Final Year\Semester 2\Assignments\Assignment 1\PROGRAMMING 732 ASSIGNMENT JAVA Desktop\Zwelabantu_Mashego_401910879\jre\bin\javac.exe (not found)
64-bit search:	SOFTWARE\JavaSoft\Java Development Kit...
32-bit search:	SOFTWARE\JavaSoft\Java Development Kit...
64-bit search:	SOFTWARE\JavaSoft\JDK...
32-bit search:	SOFTWARE\JavaSoft\JDK...
64-bit search:	SOFTWARE\IBM\Java Development Kit...
32-bit search:	SOFTWARE\IBM\Java Development Kit...
64-bit search:	SOFTWARE\IBM\Java Development Kit...
32-bit search:	SOFTWARE\IBM\Java Development Kit...
Error msg:	This application requires a Java Runtime Environment 8
Open URL:	http://www.java.com/download


Version:	3.50
CmdLine:	C:\Users\zweli\OneDrive\Documents\Bsc Final Year\Semester 2\Assignments\Assignment 1\PROGRAMMING 732 ASSIGNMENT JAVA Desktop\Zwelabantu_Mashego_401910879\zwelabantu_mashego_401910879.exe --l4j-debug
JNI:		No
WOW64:		Yes
Create mutex:	zwelabantu_mashego_401910879.exe
Working dir:	C:\Users\zweli\OneDrive\Documents\Bsc Final Year\Semester 2\Assignments\Assignment 1\PROGRAMMING 732 ASSIGNMENT JAVA Desktop\Zwelabantu_Mashego_401910879\.
Requires JDK:	Yes
Requires 64-Bit: No
Java min ver:	1.008.000
Java max ver:	
JRE paths:	jre
Check launcher:	C:\Users\zweli\OneDrive\Documents\Bsc Final Year\Semester 2\Assignments\Assignment 1\PROGRAMMING 732 ASSIGNMENT JAVA Desktop\Zwelabantu_Mashego_401910879\jre\bin\javaw.exe (OK)
Check javac:	C:\Users\zweli\OneDrive\Documents\Bsc Final Year\Semester 2\Assignments\Assignment 1\PROGRAMMING 732 ASSIGNMENT JAVA Desktop\Zwelabantu_Mashego_401910879\jre\bin\javac.exe (OK)
Version string: 1.025.000_002 / 64-Bit (OK)
Main class:	com.assignment.healthfirst.ui.Loginfrm
Add classpath:	.\lib\*.jar
      "      :	.\lib\jfreechart-1.5.4.jar
      "      :	.\lib\jrt-fs.jar
      "      :	.\lib\mysql-connector-j-8.3.0.jar
      "      :	.\lib\protobuf-java-3.25.1.jar
Launcher:	C:\Users\zweli\OneDrive\Documents\Bsc Final Year\Semester 2\Assignments\Assignment 1\PROGRAMMING 732 ASSIGNMENT JAVA Desktop\Zwelabantu_Mashego_401910879\jre\bin\javaw.exe
Launcher args:	-classpath "C:\Users\zweli\OneDrive\Documents\Bsc Final Year\Semester 2\Assignments\Assignment 1\PROGRAMMING 732 ASSIGNMENT JAVA Desktop\Zwelabantu_Mashego_401910879\zwelabantu_mashego_401910879.exe;.\lib\jfreechart-1.5.4.jar;.\lib\jrt-fs.jar;.\lib\mysql-connector-j-8.3.0.jar;.\lib\protobuf-java-3.25.1.jar" com.assignment.healthfirst.ui.Loginfrm
Args length:	347/32768 chars
Exit code:	0


Version:	3.50
CmdLine:	C:\Users\zweli\OneDrive\Documents\Bsc Final Year\Semester 2\Assignments\Assignment 1\PROGRAMMING 732 ASSIGNMENT JAVA Desktop\Zwelabantu_Mashego_401910879\zwelabantu_mashego_pims.exe --l4j-debug
JNI:		No
WOW64:		Yes
Create mutex:	zwelabantu_mashego_401910879.exe
Working dir:	C:\Users\zweli\OneDrive\Documents\Bsc Final Year\Semester 2\Assignments\Assignment 1\PROGRAMMING 732 ASSIGNMENT JAVA Desktop\Zwelabantu_Mashego_401910879\.
Requires JDK:	Yes
Requires 64-Bit: No
Java min ver:	1.008.000
Java max ver:	
JRE paths:	jre
Check launcher:	C:\Users\zweli\OneDrive\Documents\Bsc Final Year\Semester 2\Assignments\Assignment 1\PROGRAMMING 732 ASSIGNMENT JAVA Desktop\Zwelabantu_Mashego_401910879\jre\bin\javaw.exe (OK)
Check javac:	C:\Users\zweli\OneDrive\Documents\Bsc Final Year\Semester 2\Assignments\Assignment 1\PROGRAMMING 732 ASSIGNMENT JAVA Desktop\Zwelabantu_Mashego_401910879\jre\bin\javac.exe (OK)
Version string: 1.025.000_002 / 64-Bit (OK)
Main class:	com.assignment.healthfirst.ui.Loginfrm
Add classpath:	.\lib\*.jar
      "      :	.\lib\jfreechart-1.5.4.jar
      "      :	.\lib\jrt-fs.jar
      "      :	.\lib\mysql-connector-j-8.3.0.jar
      "      :	.\lib\protobuf-java-3.25.1.jar
Launcher:	C:\Users\zweli\OneDrive\Documents\Bsc Final Year\Semester 2\Assignments\Assignment 1\PROGRAMMING 732 ASSIGNMENT JAVA Desktop\Zwelabantu_Mashego_401910879\jre\bin\javaw.exe
Launcher args:	-classpath "C:\Users\zweli\OneDrive\Documents\Bsc Final Year\Semester 2\Assignments\Assignment 1\PROGRAMMING 732 ASSIGNMENT JAVA Desktop\Zwelabantu_Mashego_401910879\zwelabantu_mashego_pims.exe;.\lib\jfreechart-1.5.4.jar;.\lib\jrt-fs.jar;.\lib\mysql-connector-j-8.3.0.jar;.\lib\protobuf-java-3.25.1.jar" com.assignment.healthfirst.ui.Loginfrm
Args length:	342/32768 chars
Exit code:	0
